<!DOCTYPE html>
<html>
<head>
    <title>Async request using esi:include</title>
</head>
<body>
This should print hello world: [Hello World]
</body>
</html>
