<!DOCTYPE html>
<html>
<head>
    <title>Async request using esi:include</title>
</head>
<body>
Recursive parse 1 response: [included: [Hello World]]
Should return no parsed content: [included: [<esi:include src="http://127.0.0.1:8080/hello" />]]
</body>
</html>
